
[MULT] 3.4×  surface=flat
  [LOAD] Baseline
  [LOAD] Feedforward
  [LOAD] Feedforward + PI
  [LOAD] PD
  [LOAD] HFDC

  X axis — avg / var / max error (m)
    Baseline              avg=-0.0036  var=0.000002  max=-0.0008
    Feedforward           avg=-0.0044  var=0.000008  max=0.0013
    Feedforward + PI      avg=-0.0048  var=0.000008  max=0.0004
    PD                    avg=-0.0048  var=0.000008  max=-0.0008
    HFDC                  avg=-0.0048  var=0.000008  max=0.0003

  Y axis — avg / var / max error (m)
    Baseline              avg=0.0010  var=0.000001  max=0.0029
    Feedforward           avg=0.0020  var=0.000000  max=0.0034
    Feedforward + PI      avg=0.0021  var=0.000000  max=0.0035
    PD                    avg=0.0016  var=0.000000  max=0.0031
    HFDC                  avg=0.0021  var=0.000000  max=0.0035

  Z axis — avg / var / max error (m)
    Baseline              avg=0.0028  var=0.000000  max=0.0033
    Feedforward           avg=0.0047  var=0.000008  max=0.0109
    Feedforward + PI      avg=0.0030  var=0.000000  max=0.0039
    PD                    avg=0.0031  var=0.000000  max=0.0037
    HFDC                  avg=0.0029  var=0.000000  max=0.0036
[PLOT] C:\Users\11452\wkspace\fork_mj_ctrl\flat_slope_experiments\E1_angular_speed_sweep\tracking\plots\tracking_speed_3.4\position_tracking_xyz.png
  Baseline              avg=1.235 N  var=1.1644  max=8.000 N
  Feedforward           avg=5.990 N  var=47.5571  max=16.686 N
  Feedforward + PI      avg=1.803 N  var=4.3805  max=4.191 N
  PD                    avg=1.482 N  var=1.1855  max=3.855 N
  HFDC                  avg=0.670 N  var=0.6848  max=1.820 N
[PLOT] C:\Users\11452\wkspace\fork_mj_ctrl\flat_slope_experiments\E1_angular_speed_sweep\tracking\plots\tracking_speed_3.4\force_tracking.png
[LOG]  C:\Users\11452\wkspace\fork_mj_ctrl\flat_slope_experiments\E1_angular_speed_sweep\tracking\plots\tracking_speed_3.4\metrics.log
