
[MULT] 3.8×  surface=flat
  [LOAD] Baseline
  [LOAD] Feedforward
  [LOAD] Feedforward + PI
  [LOAD] PD
  [LOAD] HFDC

  X axis — avg / var / max error (m)
    Baseline              avg=-0.0057  var=0.000003  max=-0.0018
    Feedforward           avg=-0.0048  var=0.000012  max=0.0019
    Feedforward + PI      avg=-0.0046  var=0.000012  max=0.0022
    PD                    avg=-0.0057  var=0.000010  max=-0.0006
    HFDC                  avg=-0.0052  var=0.000010  max=0.0009

  Y axis — avg / var / max error (m)
    Baseline              avg=0.0015  var=0.000002  max=0.0041
    Feedforward           avg=0.0026  var=0.000001  max=0.0044
    Feedforward + PI      avg=0.0036  var=0.000002  max=0.0068
    PD                    avg=0.0028  var=0.000001  max=0.0059
    HFDC                  avg=0.0029  var=0.000001  max=0.0050

  Z axis — avg / var / max error (m)
    Baseline              avg=0.0029  var=0.000000  max=0.0033
    Feedforward           avg=0.0062  var=0.000019  max=0.0147
    Feedforward + PI      avg=0.0030  var=0.000000  max=0.0039
    PD                    avg=0.0031  var=0.000000  max=0.0039
    HFDC                  avg=0.0030  var=0.000000  max=0.0038
[PLOT] C:\Users\11452\wkspace\fork_mj_ctrl\flat_slope_experiments\E1_angular_speed_sweep\tracking\plots\tracking_speed_3.8\position_tracking_xyz.png
  Baseline              avg=1.337 N  var=3.3861  max=8.000 N
  Feedforward           avg=7.369 N  var=66.4050  max=21.533 N
  Feedforward + PI      avg=2.666 N  var=8.6639  max=8.000 N
  PD                    avg=1.901 N  var=2.5933  max=8.000 N
  HFDC                  avg=1.715 N  var=6.5303  max=8.000 N
[PLOT] C:\Users\11452\wkspace\fork_mj_ctrl\flat_slope_experiments\E1_angular_speed_sweep\tracking\plots\tracking_speed_3.8\force_tracking.png
[LOG]  C:\Users\11452\wkspace\fork_mj_ctrl\flat_slope_experiments\E1_angular_speed_sweep\tracking\plots\tracking_speed_3.8\metrics.log
